---
source: core/catplay_lingo/tests/general_lingo.rs
expression: snapshots
---
[
    TestSnapshot {
        case: "iPod ack with transaction ID",
        message: IPodAck {
            commandResult: OK,
            ackedCommandID: 56,
            maximumPendingWait: None,
            sessionID: None,
            numBytesDropped: None,
        },
        bytes: [
            85,
            6,
            0,
            2,
            0,
            1,
            0,
            56,
        ],
    },
    TestSnapshot {
        case: "iPod ack without transaction ID",
        message: IPodAck {
            commandResult: OK,
            ackedCommandID: 19,
            maximumPendingWait: None,
            sessionID: None,
            numBytesDropped: None,
        },
        bytes: [
            85,
            4,
            0,
            2,
            0,
            19,
        ],
    },
    TestSnapshot {
        case: "challenge with transaction ID",
        message: GetAccessoryAuthenticationSignature {
            challenge: Some(
                Value16ByteChallenge(
                    [
                        0,
                        1,
                        2,
                        3,
                        4,
                        5,
                        6,
                        7,
                        8,
                        9,
                        10,
                        11,
                        12,
                        13,
                        14,
                        15,
                    ],
                ),
            ),
            authenticationRetryCounter: Some(
                2,
            ),
        },
        bytes: [
            85,
            21,
            0,
            23,
            0,
            7,
            0,
            1,
            2,
            3,
            4,
            5,
            6,
            7,
            8,
            9,
            10,
            11,
            12,
            13,
            14,
            15,
            2,
        ],
    },
    TestSnapshot {
        case: "start IDPS",
        message: StartIDPS,
        bytes: [
            85,
            4,
            0,
            56,
            0,
            2,
        ],
    },
    TestSnapshot {
        case: "second authentication challenge",
        message: GetAccessoryAuthenticationSignature {
            challenge: Some(
                Value20ByteChallenge(
                    [
                        90,
                        90,
                        90,
                        90,
                        90,
                        90,
                        90,
                        90,
                        90,
                        90,
                        90,
                        90,
                        90,
                        90,
                        90,
                        90,
                        90,
                        90,
                        90,
                        90,
                    ],
                ),
            ),
            authenticationRetryCounter: Some(
                1,
            ),
        },
        bytes: [
            85,
            25,
            0,
            23,
            0,
            9,
            90,
            90,
            90,
            90,
            90,
            90,
            90,
            90,
            90,
            90,
            90,
            90,
            90,
            90,
            90,
            90,
            90,
            90,
            90,
            90,
            1,
        ],
    },
]
