---
source: core/catplay_plist/tests/plist_struct_snapshots.rs
expression: snapshots
---
[
    Snapshot {
        case: "InfoMessageResponse with icon",
        decoded: "InfoMessageResponse { oem_icon: Some(00000000: 00 01 02 fe ff                                  |.....|\n) }",
        binary: [
            98,
            112,
            108,
            105,
            115,
            116,
            48,
            48,
            209,
            2,
            1,
            69,
            0,
            1,
            2,
            254,
            255,
            87,
            111,
            101,
            109,
            73,
            99,
            111,
            110,
            8,
            11,
            17,
            0,
            0,
            0,
            0,
            0,
            0,
            1,
            1,
            0,
            0,
            0,
            0,
            0,
            0,
            0,
            3,
            0,
            0,
            0,
            0,
            0,
            0,
            0,
            0,
            0,
            0,
            0,
            0,
            0,
            0,
            0,
            25,
        ],
        xml: "<?xml version=\"1.0\" encoding=\"UTF-8\"?>\n<!DOCTYPE plist PUBLIC \"-//Apple//DTD PLIST 1.0//EN\" \"http://www.apple.com/DTDs/PropertyList-1.0.dtd\">\n<plist version=\"1.0\">\n<dict>\n\t<key>oemIcon</key>\n\t<data>AAEC/v8=</data>\n</dict>\n</plist>",
    },
    Snapshot {
        case: "InfoMessageResponse without icon",
        decoded: "InfoMessageResponse { oem_icon: None }",
        binary: [
            98,
            112,
            108,
            105,
            115,
            116,
            48,
            48,
            208,
            8,
            0,
            0,
            0,
            0,
            0,
            0,
            1,
            1,
            0,
            0,
            0,
            0,
            0,
            0,
            0,
            1,
            0,
            0,
            0,
            0,
            0,
            0,
            0,
            0,
            0,
            0,
            0,
            0,
            0,
            0,
            0,
            9,
        ],
        xml: "<?xml version=\"1.0\" encoding=\"UTF-8\"?>\n<!DOCTYPE plist PUBLIC \"-//Apple//DTD PLIST 1.0//EN\" \"http://www.apple.com/DTDs/PropertyList-1.0.dtd\">\n<plist version=\"1.0\">\n<dict>\n</dict>\n</plist>",
    },
    Snapshot {
        case: "nested InfoMessage",
        decoded: "InfoMessage { device_name: \"CatPlay & Car\", supported_modes: [\"wired\", \"wireless\"], response: InfoMessageResponse { oem_icon: Some(00000000: 00 01 02 fe ff                                  |.....|\n) } }",
        binary: [
            98,
            112,
            108,
            105,
            115,
            116,
            48,
            48,
            211,
            2,
            6,
            10,
            1,
            3,
            7,
            93,
            67,
            97,
            116,
            80,
            108,
            97,
            121,
            32,
            38,
            32,
            67,
            97,
            114,
            90,
            100,
            101,
            118,
            105,
            99,
            101,
            78,
            97,
            109,
            101,
            85,
            119,
            105,
            114,
            101,
            100,
            88,
            119,
            105,
            114,
            101,
            108,
            101,
            115,
            115,
            94,
            115,
            117,
            112,
            112,
            111,
            114,
            116,
            101,
            100,
            77,
            111,
            100,
            101,
            115,
            69,
            0,
            1,
            2,
            254,
            255,
            87,
            111,
            101,
            109,
            73,
            99,
            111,
            110,
            88,
            114,
            101,
            115,
            112,
            111,
            110,
            115,
            101,
            162,
            4,
            5,
            209,
            9,
            8,
            8,
            15,
            29,
            93,
            40,
            46,
            55,
            96,
            70,
            76,
            84,
            0,
            0,
            0,
            0,
            0,
            0,
            1,
            1,
            0,
            0,
            0,
            0,
            0,
            0,
            0,
            11,
            0,
            0,
            0,
            0,
            0,
            0,
            0,
            0,
            0,
            0,
            0,
            0,
            0,
            0,
            0,
            99,
        ],
        xml: "<?xml version=\"1.0\" encoding=\"UTF-8\"?>\n<!DOCTYPE plist PUBLIC \"-//Apple//DTD PLIST 1.0//EN\" \"http://www.apple.com/DTDs/PropertyList-1.0.dtd\">\n<plist version=\"1.0\">\n<dict>\n\t<key>deviceName</key>\n\t<string>CatPlay &amp; Car</string>\n\t<key>supportedModes</key>\n\t<array>\n\t\t<string>wired</string>\n\t\t<string>wireless</string>\n\t</array>\n\t<key>response</key>\n\t<dict>\n\t\t<key>oemIcon</key>\n\t\t<data>AAEC/v8=</data>\n\t</dict>\n</dict>\n</plist>",
    },
]
